// Jest Snapshot v1, https://goo.gl/fbAQLP

exports[`matches snapshot 1`] = `
<div
  className="container"
  data-testid="add-1"
>
  <div
    className="header"
  >
    <div
      className="pageTitle"
    >
      <p>
        Orders
      </p>
      <h1>
        Add New Order
      </h1>
    </div>
  </div>
  <form
    className="form"
    onSubmit={[Function]}
  >
    <h1>
      New Order
    </h1>
    <label
      htmlFor="id"
    >
      ID
    </label>
    <input
      id="id"
      name="id"
      onChange={[Function]}
      required={true}
      type="number"
      value=""
    />
    <label
      htmlFor="ourClient"
    >
      Our client
    </label>
    <input
      id="ourClient"
      name="ourClient"
      onChange={[Function]}
      required={true}
      type="text"
      value=""
    />
    <label
      htmlFor="date"
    >
      Date
    </label>
    <input
      id="date"
      name="date"
      onChange={[Function]}
      required={true}
      type="datetime-local"
      value=""
    />
    <label
      htmlFor="quantity"
    >
      Quantity
    </label>
    <input
      id="quantity"
      name="quantity"
      onChange={[Function]}
      required={true}
      type="number"
      value=""
    />
    <label
      htmlFor="charge"
    >
      Charge
    </label>
    <input
      id="charge"
      name="charge"
      onChange={[Function]}
      required={true}
      type="number"
      value=""
    />
    <label
      htmlFor="finalClient"
    >
      Final client
    </label>
    <input
      id="finalClient"
      name="finalClient"
      onChange={[Function]}
      required={true}
      type="text"
      value=""
    />
    <div
      className="selectors"
    >
      <div
        className="selector"
      >
        <label
          htmlFor="payment"
        >
          Fullfilment
        </label>
        <select
          className="select"
          name="payment"
          onChange={[Function]}
          value=""
        >
          <option
            value="unpaid"
          >
            unpaid
          </option>
          <option
            value="paid"
          >
            paid
          </option>
        </select>
      </div>
      <div
        className="selector"
      >
        <label
          htmlFor="fullfilment"
        >
          Fullfilment
        </label>
        <select
          className="select"
          name="fullfilment"
          onChange={[Function]}
          value=""
        >
          <option
            value="Ready to start"
          >
            Ready to start
          </option>
          <option
            value="Processing"
          >
            Processing
          </option>
          <option
            value="Fulfilled"
          >
            Fulfilled
          </option>
        </select>
      </div>
      <div
        className="selector"
      >
        <label
          htmlFor="delivery"
        >
          Fullfilment
        </label>
        <select
          className="select"
          name="delivery"
          onChange={[Function]}
        >
          <option
            value="In hous"
          >
            In hous
          </option>
          <option
            value="On the way"
          >
            On the way
          </option>
          <option
            value="Delivered"
          >
            Delivered
          </option>
        </select>
      </div>
    </div>
    <div
      className="buttons"
    >
      <button
        className="cancelButton"
        onClick={[Function]}
        type="button"
      >
        Cancel
      </button>
      <button
        className="addButton"
        type="submit"
      >
        Add Order
      </button>
    </div>
  </form>
</div>
`;
